{"level":"info","message":"Server running on port 3000"}
{"level":"info","message":"Connected to PostgreSQL"}
{"level":"info","message":"POST /auth/login null 304ms"}
{"level":"info","message":"POST /auth/refresh null 70ms"}
{"level":"info","message":"GET /files null 89ms"}
{"level":"info","message":"Server running on port 3000"}
{"level":"info","message":"Connected to PostgreSQL"}
{"level":"info","message":"Server running on port 3000"}
{"level":"info","message":"Connected to PostgreSQL"}
{"level":"info","message":"Server running on port 3000"}
{"level":"info","message":"Connected to PostgreSQL"}
{"level":"info","message":"Server running on port 3000"}
{"level":"info","message":"Connected to PostgreSQL"}
{"level":"info","message":"Server running on port 3000"}
{"level":"info","message":"Connected to PostgreSQL"}
{"level":"info","message":"Server running on port 3000"}
{"level":"info","message":"Connected to PostgreSQL"}
{"level":"info","message":"Server running on port 3000"}
{"level":"info","message":"Connected to PostgreSQL"}
{"level":"info","message":"Server running on port 3000"}
{"level":"info","message":"Connected to PostgreSQL"}
{"level":"info","message":"Server running on port 3000"}
{"level":"info","message":"Connected to PostgreSQL"}
{"level":"info","message":"Server running on port 3000"}
{"level":"info","message":"Connected to PostgreSQL"}
{"level":"info","message":"Server running on port 3000"}
{"level":"info","message":"Connected to PostgreSQL"}
{"level":"info","message":"Server running on port 3000"}
{"level":"info","message":"Connected to PostgreSQL"}
{"level":"info","message":"Server running on port 3000"}
{"level":"info","message":"Connected to PostgreSQL"}
{"level":"info","message":"Server running on port 3000"}
{"level":"info","message":"Connected to PostgreSQL"}
{"level":"info","message":"Server running on port 3000"}
{"level":"info","message":"Connected to PostgreSQL"}
{"level":"info","message":"Server running on port 3000"}
{"level":"info","message":"Connected to PostgreSQL"}
{"level":"info","message":"POST /auth/login null 850ms"}
{"level":"info","message":"Server running on port 3000"}
{"level":"info","message":"Connected to PostgreSQL"}
{"level":"info","message":"POST /auth/login null 292ms"}
{"level":"error","message":"The \"path\" argument must be of type string or an instance of Buffer or URL. Received an instance of Object","method":"POST","stack":"TypeError [ERR_INVALID_ARG_TYPE]: The \"path\" argument must be of type string or an instance of Buffer or URL. Received an instance of Object\n    at Object.open (node:internal/fs/promises:630:10)\n    at FileTypeParser.fromFile (file:///D:/Projects/NodeLearning/nodeprojects/express-file-api/node_modules/file-type/source/index.js:269:39)\n    at async validateUploadedFile (file:///D:/Projects/NodeLearning/nodeprojects/express-file-api/utils/fileValidator.js:17:26)\n    at async uploadFile (file:///D:/Projects/NodeLearning/nodeprojects/express-file-api/services/fileServices.js:96:5)\n    at async uploadFile (file:///D:/Projects/NodeLearning/nodeprojects/express-file-api/controllers/fileController.js:28:18)\n    at async file:///D:/Projects/NodeLearning/nodeprojects/express-file-api/utils/asyncHandler.js:4:7","url":"/files/upload","userId":1}
{"level":"error","message":"POST /files/upload null 400ms"}
{"level":"info","message":"Server running on port 3000"}
{"level":"info","message":"Connected to PostgreSQL"}
{"level":"error","message":"The \"path\" argument must be of type string or an instance of Buffer or URL. Received an instance of Object","method":"POST","stack":"TypeError [ERR_INVALID_ARG_TYPE]: The \"path\" argument must be of type string or an instance of Buffer or URL. Received an instance of Object\n    at Object.open (node:internal/fs/promises:630:10)\n    at FileTypeParser.fromFile (file:///D:/Projects/NodeLearning/nodeprojects/express-file-api/node_modules/file-type/source/index.js:269:39)\n    at async validateUploadedFile (file:///D:/Projects/NodeLearning/nodeprojects/express-file-api/utils/fileValidator.js:17:26)\n    at async uploadFile (file:///D:/Projects/NodeLearning/nodeprojects/express-file-api/services/fileServices.js:96:5)\n    at async uploadFile (file:///D:/Projects/NodeLearning/nodeprojects/express-file-api/controllers/fileController.js:28:18)\n    at async file:///D:/Projects/NodeLearning/nodeprojects/express-file-api/utils/asyncHandler.js:4:7","url":"/files/upload","userId":1}
{"level":"error","message":"POST /files/upload null 170ms"}
{"level":"info","message":"Server running on port 3000"}
{"level":"info","message":"Connected to PostgreSQL"}
{"level":"error","message":"The \"path\" argument must be of type string or an instance of Buffer or URL. Received an instance of Object","method":"POST","stack":"TypeError [ERR_INVALID_ARG_TYPE]: The \"path\" argument must be of type string or an instance of Buffer or URL. Received an instance of Object\n    at Object.open (node:internal/fs/promises:630:10)\n    at FileTypeParser.fromFile (file:///D:/Projects/NodeLearning/nodeprojects/express-file-api/node_modules/file-type/source/index.js:269:39)\n    at async validateUploadedFile (file:///D:/Projects/NodeLearning/nodeprojects/express-file-api/utils/fileValidator.js:17:26)\n    at async uploadFile (file:///D:/Projects/NodeLearning/nodeprojects/express-file-api/services/fileServices.js:96:5)\n    at async uploadFile (file:///D:/Projects/NodeLearning/nodeprojects/express-file-api/controllers/fileController.js:28:18)\n    at async file:///D:/Projects/NodeLearning/nodeprojects/express-file-api/utils/asyncHandler.js:4:7","url":"/files/upload","userId":1}
{"level":"error","message":"POST /files/upload null 177ms"}
{"level":"info","message":"Server running on port 3000"}
{"level":"info","message":"Connected to PostgreSQL"}
{"level":"error","message":"Invalid file type","method":"POST","stack":"AppError: Invalid file type\n    at validateUploadedFile (file:///D:/Projects/NodeLearning/nodeprojects/express-file-api/utils/fileValidator.js:33:15)\n    at async uploadFile (file:///D:/Projects/NodeLearning/nodeprojects/express-file-api/services/fileServices.js:96:5)\n    at async uploadFile (file:///D:/Projects/NodeLearning/nodeprojects/express-file-api/controllers/fileController.js:28:18)\n    at async file:///D:/Projects/NodeLearning/nodeprojects/express-file-api/utils/asyncHandler.js:4:7","url":"/files/upload","userId":1}
{"level":"warn","message":"POST /files/upload null 192ms"}
{"level":"info","message":"Server running on port 3000"}
{"level":"info","message":"Connected to PostgreSQL"}
{"level":"error","message":"Token has expired","method":"POST","stack":"AppError: Token has expired\n    at authMiddleware (file:///D:/Projects/NodeLearning/nodeprojects/express-file-api/middleware/auth.middleware.js:27:13)\n    at Layer.handleRequest (D:\\Projects\\NodeLearning\\nodeprojects\\express-file-api\\node_modules\\router\\lib\\layer.js:152:17)\n    at next (D:\\Projects\\NodeLearning\\nodeprojects\\express-file-api\\node_modules\\router\\lib\\route.js:157:13)\n    at Route.dispatch (D:\\Projects\\NodeLearning\\nodeprojects\\express-file-api\\node_modules\\router\\lib\\route.js:117:3)\n    at handle (D:\\Projects\\NodeLearning\\nodeprojects\\express-file-api\\node_modules\\router\\index.js:435:11)\n    at Layer.handleRequest (D:\\Projects\\NodeLearning\\nodeprojects\\express-file-api\\node_modules\\router\\lib\\layer.js:152:17)\n    at D:\\Projects\\NodeLearning\\nodeprojects\\express-file-api\\node_modules\\router\\index.js:295:15\n    at processParams (D:\\Projects\\NodeLearning\\nodeprojects\\express-file-api\\node_modules\\router\\index.js:582:12)\n    at next (D:\\Projects\\NodeLearning\\nodeprojects\\express-file-api\\node_modules\\router\\index.js:291:5)\n    at Function.handle (D:\\Projects\\NodeLearning\\nodeprojects\\express-file-api\\node_modules\\router\\index.js:186:3)","url":"/files/upload"}
{"level":"warn","message":"POST /files/upload null 23ms"}
{"level":"info","message":"POST /auth/login null 296ms"}
{"level":"error","message":"expectedMimeType is not defined","method":"POST","stack":"ReferenceError: expectedMimeType is not defined\n    at validateUploadedFile (file:///D:/Projects/NodeLearning/nodeprojects/express-file-api/utils/fileValidator.js:33:31)\n    at async uploadFile (file:///D:/Projects/NodeLearning/nodeprojects/express-file-api/services/fileServices.js:96:5)\n    at async uploadFile (file:///D:/Projects/NodeLearning/nodeprojects/express-file-api/controllers/fileController.js:28:18)\n    at async file:///D:/Projects/NodeLearning/nodeprojects/express-file-api/utils/asyncHandler.js:4:7","url":"/files/upload","userId":1}
{"level":"error","message":"POST /files/upload null 101ms"}
{"level":"info","message":"Server running on port 3000"}
{"level":"info","message":"Connected to PostgreSQL"}
{"level":"error","message":"Invalid file type","method":"POST","stack":"AppError: Invalid file type\n    at validateUploadedFile (file:///D:/Projects/NodeLearning/nodeprojects/express-file-api/utils/fileValidator.js:37:15)\n    at async uploadFile (file:///D:/Projects/NodeLearning/nodeprojects/express-file-api/services/fileServices.js:96:5)\n    at async uploadFile (file:///D:/Projects/NodeLearning/nodeprojects/express-file-api/controllers/fileController.js:28:18)\n    at async file:///D:/Projects/NodeLearning/nodeprojects/express-file-api/utils/asyncHandler.js:4:7","url":"/files/upload","userId":1}
{"level":"warn","message":"POST /files/upload null 181ms"}
{"level":"info","message":"Server running on port 3000"}
{"level":"info","message":"Connected to PostgreSQL"}
{"level":"error","message":"Invalid file type","method":"POST","stack":"AppError: Invalid file type\n    at validateUploadedFile (file:///D:/Projects/NodeLearning/nodeprojects/express-file-api/utils/fileValidator.js:33:15)\n    at async uploadFile (file:///D:/Projects/NodeLearning/nodeprojects/express-file-api/services/fileServices.js:96:5)\n    at async uploadFile (file:///D:/Projects/NodeLearning/nodeprojects/express-file-api/controllers/fileController.js:28:18)\n    at async file:///D:/Projects/NodeLearning/nodeprojects/express-file-api/utils/asyncHandler.js:4:7","url":"/files/upload","userId":1}
{"level":"warn","message":"POST /files/upload null 199ms"}
{"level":"error","message":"Invalid file type","method":"POST","stack":"AppError: Invalid file type\n    at validateUploadedFile (file:///D:/Projects/NodeLearning/nodeprojects/express-file-api/utils/fileValidator.js:33:15)\n    at async uploadFile (file:///D:/Projects/NodeLearning/nodeprojects/express-file-api/services/fileServices.js:96:5)\n    at async uploadFile (file:///D:/Projects/NodeLearning/nodeprojects/express-file-api/controllers/fileController.js:28:18)\n    at async file:///D:/Projects/NodeLearning/nodeprojects/express-file-api/utils/asyncHandler.js:4:7","url":"/files/upload","userId":1}
{"level":"warn","message":"POST /files/upload null 142ms"}
{"level":"info","message":"Server running on port 3000"}
{"level":"info","message":"Connected to PostgreSQL"}
{"level":"info","message":"POST /files/upload null 214ms"}
{"level":"info","message":"POST /files/upload null 258ms"}
{"level":"error","message":"Token has expired","method":"POST","stack":"AppError: Token has expired\n    at authMiddleware (file:///D:/Projects/NodeLearning/nodeprojects/express-file-api/middleware/auth.middleware.js:27:13)\n    at Layer.handleRequest (D:\\Projects\\NodeLearning\\nodeprojects\\express-file-api\\node_modules\\router\\lib\\layer.js:152:17)\n    at next (D:\\Projects\\NodeLearning\\nodeprojects\\express-file-api\\node_modules\\router\\lib\\route.js:157:13)\n    at Route.dispatch (D:\\Projects\\NodeLearning\\nodeprojects\\express-file-api\\node_modules\\router\\lib\\route.js:117:3)\n    at handle (D:\\Projects\\NodeLearning\\nodeprojects\\express-file-api\\node_modules\\router\\index.js:435:11)\n    at Layer.handleRequest (D:\\Projects\\NodeLearning\\nodeprojects\\express-file-api\\node_modules\\router\\lib\\layer.js:152:17)\n    at D:\\Projects\\NodeLearning\\nodeprojects\\express-file-api\\node_modules\\router\\index.js:295:15\n    at processParams (D:\\Projects\\NodeLearning\\nodeprojects\\express-file-api\\node_modules\\router\\index.js:582:12)\n    at next (D:\\Projects\\NodeLearning\\nodeprojects\\express-file-api\\node_modules\\router\\index.js:291:5)\n    at Function.handle (D:\\Projects\\NodeLearning\\nodeprojects\\express-file-api\\node_modules\\router\\index.js:186:3)","url":"/files/upload"}
{"level":"warn","message":"POST /files/upload null 8ms"}
{"level":"info","message":"POST /auth/login null 298ms"}
{"level":"error","message":"Only PDF, PNG and JPEG files are allowed","method":"POST","stack":"AppError: Only PDF, PNG and JPEG files are allowed\n    at fileFilter (file:///D:/Projects/NodeLearning/nodeprojects/express-file-api/middleware/upload.js:22:17)\n    at wrappedFileFilter (D:\\Projects\\NodeLearning\\nodeprojects\\express-file-api\\node_modules\\multer\\index.js:45:7)\n    at Multipart.<anonymous> (D:\\Projects\\NodeLearning\\nodeprojects\\express-file-api\\node_modules\\multer\\lib\\make-middleware.js:193:7)\n    at Multipart.emit (node:events:518:28)\n    at HeaderParser.cb (D:\\Projects\\NodeLearning\\nodeprojects\\express-file-api\\node_modules\\busboy\\lib\\types\\multipart.js:358:14)\n    at HeaderParser.push (D:\\Projects\\NodeLearning\\nodeprojects\\express-file-api\\node_modules\\busboy\\lib\\types\\multipart.js:162:20)\n    at SBMH.ssCb [as _cb] (D:\\Projects\\NodeLearning\\nodeprojects\\express-file-api\\node_modules\\busboy\\lib\\types\\multipart.js:394:37)\n    at feed (D:\\Projects\\NodeLearning\\nodeprojects\\express-file-api\\node_modules\\streamsearch\\lib\\sbmh.js:200:10)\n    at SBMH.push (D:\\Projects\\NodeLearning\\nodeprojects\\express-file-api\\node_modules\\streamsearch\\lib\\sbmh.js:104:16)\n    at Multipart._write (D:\\Projects\\NodeLearning\\nodeprojects\\express-file-api\\node_modules\\busboy\\lib\\types\\multipart.js:567:19)","url":"/files/upload","userId":1}
{"level":"warn","message":"POST /files/upload null 16ms"}
{"level":"error","message":"File too large","method":"POST","stack":"MulterError: File too large\n    at abortWithCode (D:\\Projects\\NodeLearning\\nodeprojects\\express-file-api\\node_modules\\multer\\lib\\make-middleware.js:107:22)\n    at FileStream.<anonymous> (D:\\Projects\\NodeLearning\\nodeprojects\\express-file-api\\node_modules\\multer\\lib\\make-middleware.js:221:11)\n    at FileStream.emit (node:events:518:28)\n    at SBMH.ssCb [as _cb] (D:\\Projects\\NodeLearning\\nodeprojects\\express-file-api\\node_modules\\busboy\\lib\\types\\multipart.js:479:32)\n    at feed (D:\\Projects\\NodeLearning\\nodeprojects\\express-file-api\\node_modules\\streamsearch\\lib\\sbmh.js:248:10)\n    at SBMH.push (D:\\Projects\\NodeLearning\\nodeprojects\\express-file-api\\node_modules\\streamsearch\\lib\\sbmh.js:104:16)\n    at Multipart._write (D:\\Projects\\NodeLearning\\nodeprojects\\express-file-api\\node_modules\\busboy\\lib\\types\\multipart.js:567:19)\n    at writeOrBuffer (node:internal/streams/writable:572:12)\n    at _write (node:internal/streams/writable:501:10)\n    at Writable.write (node:internal/streams/writable:510:10)","url":"/files/upload","userId":1}
{"level":"error","message":"POST /files/upload null 126ms"}
{"level":"info","message":"Server running on port 3000"}
{"level":"info","message":"Connected to PostgreSQL"}
{"level":"info","message":"Server running on port 3000"}
{"level":"info","message":"Connected to PostgreSQL"}
{"level":"error","message":"File too large","method":"POST","stack":"MulterError: File too large\n    at abortWithCode (D:\\Projects\\NodeLearning\\nodeprojects\\express-file-api\\node_modules\\multer\\lib\\make-middleware.js:107:22)\n    at FileStream.<anonymous> (D:\\Projects\\NodeLearning\\nodeprojects\\express-file-api\\node_modules\\multer\\lib\\make-middleware.js:221:11)\n    at FileStream.emit (node:events:518:28)\n    at SBMH.ssCb [as _cb] (D:\\Projects\\NodeLearning\\nodeprojects\\express-file-api\\node_modules\\busboy\\lib\\types\\multipart.js:479:32)\n    at feed (D:\\Projects\\NodeLearning\\nodeprojects\\express-file-api\\node_modules\\streamsearch\\lib\\sbmh.js:248:10)\n    at SBMH.push (D:\\Projects\\NodeLearning\\nodeprojects\\express-file-api\\node_modules\\streamsearch\\lib\\sbmh.js:104:16)\n    at Multipart._write (D:\\Projects\\NodeLearning\\nodeprojects\\express-file-api\\node_modules\\busboy\\lib\\types\\multipart.js:567:19)\n    at writeOrBuffer (node:internal/streams/writable:572:12)\n    at _write (node:internal/streams/writable:501:10)\n    at Writable.write (node:internal/streams/writable:510:10)","url":"/files/upload","userId":1}
{"level":"warn","message":"POST /files/upload null 138ms"}
{"level":"info","message":"Server running on port 3000"}
{"level":"info","message":"Connected to PostgreSQL"}
{"level":"info","message":"Server running on port 3000"}
{"level":"info","message":"Connected to PostgreSQL"}
{"level":"info","message":"Server running on port 3000"}
{"level":"info","message":"Connected to PostgreSQL"}
{"level":"info","message":"Server running on port 3000"}
{"level":"info","message":"Connected to PostgreSQL"}
{"level":"info","message":"POST /auth/login null 436ms"}
{"level":"info","message":"POST /files/upload null 244ms"}
{"level":"error","message":"pool is not defined","method":"GET","stack":"ReferenceError: pool is not defined\n    at createAuditLog (file:///D:/Projects/NodeLearning/nodeprojects/express-file-api/repositories/audit.repository.js:9:12)\n    at downloadFileService (file:///D:/Projects/NodeLearning/nodeprojects/express-file-api/services/fileServices.js:220:9)\n    at async downloadFile (file:///D:/Projects/NodeLearning/nodeprojects/express-file-api/controllers/fileController.js:44:16)\n    at async file:///D:/Projects/NodeLearning/nodeprojects/express-file-api/utils/asyncHandler.js:4:7","url":"/files/6/download","userId":1}
{"level":"error","message":"GET /files/6/download null 94ms"}
{"level":"info","message":"Server running on port 3000"}
{"level":"info","message":"Connected to PostgreSQL"}
{"level":"info","message":"GET /files/6/download null 189ms"}
{"level":"info","message":"Server running on port 3000"}
{"level":"info","message":"Connected to PostgreSQL"}
{"level":"info","message":"Server running on port 3000"}
{"level":"info","message":"Connected to PostgreSQL"}
{"level":"info","message":"Server running on port 3000"}
{"level":"info","message":"Connected to PostgreSQL"}
{"level":"info","message":"Server running on port 3000"}
{"level":"info","message":"Connected to PostgreSQL"}
{"level":"info","message":"Server running on port 3000"}
{"level":"info","message":"Connected to PostgreSQL"}
{"level":"info","message":"Server running on port 3000"}
{"level":"info","message":"Connected to PostgreSQL"}
{"level":"info","message":"Server running on port 3000"}
{"level":"info","message":"Connected to PostgreSQL"}
{"level":"info","message":"Server running on port 3000"}
{"level":"info","message":"Connected to PostgreSQL"}
{"level":"info","message":"Server running on port 3000"}
{"level":"info","message":"Connected to PostgreSQL"}
{"level":"info","message":"POST /auth/login null 457ms"}
{"level":"info","message":"Server running on port 3000"}
{"level":"info","message":"Connected to PostgreSQL"}
{"level":"info","message":"Server running on port 3000"}
{"level":"info","message":"Connected to PostgreSQL"}
{"level":"info","message":"Server running on port 3000"}
{"level":"info","message":"Connected to PostgreSQL"}
{"level":"info","message":"Server running on port 3000"}
{"level":"info","message":"Connected to PostgreSQL"}
{"level":"info","message":"POST /auth/login null 265ms"}
{"level":"info","message":"Server running on port 3000"}
{"level":"info","message":"Connected to PostgreSQL"}
{"level":"info","message":"Server running on port 3000"}
{"level":"info","message":"Connected to PostgreSQL"}
{"level":"info","message":"Server running on port 3000"}
{"level":"info","message":"Connected to PostgreSQL"}
{"level":"info","message":"Server running on port 3000"}
{"level":"info","message":"Connected to PostgreSQL"}
{"level":"info","message":"Server running on port 3000"}
{"level":"info","message":"Connected to PostgreSQL"}
{"level":"info","message":"Server running on port 3000"}
{"level":"info","message":"Connected to PostgreSQL"}
{"level":"info","message":"Server running on port 3000"}
{"level":"info","message":"Connected to PostgreSQL"}
{"level":"info","message":"Server running on port 3000"}
{"level":"info","message":"Connected to PostgreSQL"}
{"level":"info","message":"Server running on port 3000"}
{"level":"info","message":"Connected to PostgreSQL"}
{"level":"info","message":"POST /auth/login null 510ms"}
{"level":"error","message":"null value in column \"token_hash\" of relation \"refresh_tokens\" violates not-null constraint","method":"POST","stack":"error: null value in column \"token_hash\" of relation \"refresh_tokens\" violates not-null constraint\n    at D:\\Projects\\NodeLearning\\nodeprojects\\express-file-api\\node_modules\\pg\\lib\\client.js:652:17\n    at process.processTicksAndRejections (node:internal/process/task_queues:105:5)\n    at async createRefreshTokenRepository (file:///D:/Projects/NodeLearning/nodeprojects/express-file-api/repositories/refreshToken.repository.js:20:5)\n    at async refreshService (file:///D:/Projects/NodeLearning/nodeprojects/express-file-api/services/auth.service.js:118:5)\n    at async refresh (file:///D:/Projects/NodeLearning/nodeprojects/express-file-api/controllers/auth.controller.js:63:5)\n    at async file:///D:/Projects/NodeLearning/nodeprojects/express-file-api/utils/asyncHandler.js:4:7","url":"/auth/refresh"}
{"level":"error","message":"POST /auth/refresh null 306ms"}
{"level":"info","message":"Server running on port 3000"}
{"level":"info","message":"Connected to PostgreSQL"}
{"level":"error","message":"null value in column \"token_hash\" of relation \"refresh_tokens\" violates not-null constraint","method":"POST","stack":"error: null value in column \"token_hash\" of relation \"refresh_tokens\" violates not-null constraint\n    at D:\\Projects\\NodeLearning\\nodeprojects\\express-file-api\\node_modules\\pg\\lib\\client.js:652:17\n    at process.processTicksAndRejections (node:internal/process/task_queues:105:5)\n    at async createRefreshTokenRepository (file:///D:/Projects/NodeLearning/nodeprojects/express-file-api/repositories/refreshToken.repository.js:20:5)\n    at async refreshService (file:///D:/Projects/NodeLearning/nodeprojects/express-file-api/services/auth.service.js:118:5)\n    at async refresh (file:///D:/Projects/NodeLearning/nodeprojects/express-file-api/controllers/auth.controller.js:63:5)\n    at async file:///D:/Projects/NodeLearning/nodeprojects/express-file-api/utils/asyncHandler.js:4:7","url":"/auth/refresh"}
{"level":"error","message":"POST /auth/refresh null 87ms"}
{"level":"info","message":"Server running on port 3000"}
{"level":"info","message":"Connected to PostgreSQL"}
{"level":"info","message":"POST /auth/refresh null 79ms"}
{"level":"info","message":"POST /auth/logout null 208ms"}
{"level":"info","message":"Server running on port 3000"}
{"level":"info","message":"Connected to PostgreSQL"}
{"level":"info","message":"Server running on port 3000"}
{"level":"info","message":"Connected to PostgreSQL"}
{"level":"info","message":"Server running on port 3000"}
{"level":"info","message":"Connected to PostgreSQL"}
{"level":"info","message":"Server running on port 3000"}
{"level":"info","message":"Connected to PostgreSQL"}
{"level":"info","message":"Server running on port 3000"}
{"level":"info","message":"Connected to PostgreSQL"}
{"level":"info","message":"Server running on port 3000"}
{"level":"info","message":"Connected to PostgreSQL"}
{"level":"info","message":"POST /auth/login null 620ms"}
{"level":"error","message":"Access denied","method":"GET","stack":"AppError: Access denied\n    at file:///D:/Projects/NodeLearning/nodeprojects/express-file-api/middleware/authorize.js:11:19\n    at Layer.handleRequest (D:\\Projects\\NodeLearning\\nodeprojects\\express-file-api\\node_modules\\router\\lib\\layer.js:152:17)\n    at next (D:\\Projects\\NodeLearning\\nodeprojects\\express-file-api\\node_modules\\router\\lib\\route.js:157:13)\n    at authMiddleware (file:///D:/Projects/NodeLearning/nodeprojects/express-file-api/middleware/auth.middleware.js:24:5)\n    at Layer.handleRequest (D:\\Projects\\NodeLearning\\nodeprojects\\express-file-api\\node_modules\\router\\lib\\layer.js:152:17)\n    at next (D:\\Projects\\NodeLearning\\nodeprojects\\express-file-api\\node_modules\\router\\lib\\route.js:157:13)\n    at Route.dispatch (D:\\Projects\\NodeLearning\\nodeprojects\\express-file-api\\node_modules\\router\\lib\\route.js:117:3)\n    at handle (D:\\Projects\\NodeLearning\\nodeprojects\\express-file-api\\node_modules\\router\\index.js:435:11)\n    at Layer.handleRequest (D:\\Projects\\NodeLearning\\nodeprojects\\express-file-api\\node_modules\\router\\lib\\layer.js:152:17)\n    at D:\\Projects\\NodeLearning\\nodeprojects\\express-file-api\\node_modules\\router\\index.js:295:15","url":"/users","userId":1}
{"level":"warn","message":"GET /users null 8ms"}
{"level":"info","message":"POST /auth/register null 154ms"}
{"level":"info","message":"POST /auth/logout null 65ms"}
{"level":"info","message":"POST /auth/login null 132ms"}
{"level":"error","message":"Access denied","method":"GET","stack":"AppError: Access denied\n    at file:///D:/Projects/NodeLearning/nodeprojects/express-file-api/middleware/authorize.js:11:19\n    at Layer.handleRequest (D:\\Projects\\NodeLearning\\nodeprojects\\express-file-api\\node_modules\\router\\lib\\layer.js:152:17)\n    at next (D:\\Projects\\NodeLearning\\nodeprojects\\express-file-api\\node_modules\\router\\lib\\route.js:157:13)\n    at authMiddleware (file:///D:/Projects/NodeLearning/nodeprojects/express-file-api/middleware/auth.middleware.js:24:5)\n    at Layer.handleRequest (D:\\Projects\\NodeLearning\\nodeprojects\\express-file-api\\node_modules\\router\\lib\\layer.js:152:17)\n    at next (D:\\Projects\\NodeLearning\\nodeprojects\\express-file-api\\node_modules\\router\\lib\\route.js:157:13)\n    at Route.dispatch (D:\\Projects\\NodeLearning\\nodeprojects\\express-file-api\\node_modules\\router\\lib\\route.js:117:3)\n    at handle (D:\\Projects\\NodeLearning\\nodeprojects\\express-file-api\\node_modules\\router\\index.js:435:11)\n    at Layer.handleRequest (D:\\Projects\\NodeLearning\\nodeprojects\\express-file-api\\node_modules\\router\\lib\\layer.js:152:17)\n    at D:\\Projects\\NodeLearning\\nodeprojects\\express-file-api\\node_modules\\router\\index.js:295:15","url":"/users","userId":2}
{"level":"warn","message":"GET /users null 2ms"}
{"level":"info","message":"POST /auth/logout null 168ms"}
{"level":"info","message":"POST /auth/login null 96ms"}
{"level":"error","message":"getUsersService is not defined","method":"GET","stack":"ReferenceError: getUsersService is not defined\n    at getUsers (file:///D:/Projects/NodeLearning/nodeprojects/express-file-api/controllers/user.controller.js:2:20)\n    at file:///D:/Projects/NodeLearning/nodeprojects/express-file-api/utils/asyncHandler.js:4:13\n    at Layer.handleRequest (D:\\Projects\\NodeLearning\\nodeprojects\\express-file-api\\node_modules\\router\\lib\\layer.js:152:17)\n    at next (D:\\Projects\\NodeLearning\\nodeprojects\\express-file-api\\node_modules\\router\\lib\\route.js:157:13)\n    at file:///D:/Projects/NodeLearning/nodeprojects/express-file-api/middleware/authorize.js:14:9\n    at Layer.handleRequest (D:\\Projects\\NodeLearning\\nodeprojects\\express-file-api\\node_modules\\router\\lib\\layer.js:152:17)\n    at next (D:\\Projects\\NodeLearning\\nodeprojects\\express-file-api\\node_modules\\router\\lib\\route.js:157:13)\n    at authMiddleware (file:///D:/Projects/NodeLearning/nodeprojects/express-file-api/middleware/auth.middleware.js:24:5)\n    at Layer.handleRequest (D:\\Projects\\NodeLearning\\nodeprojects\\express-file-api\\node_modules\\router\\lib\\layer.js:152:17)\n    at next (D:\\Projects\\NodeLearning\\nodeprojects\\express-file-api\\node_modules\\router\\lib\\route.js:157:13)","url":"/users","userId":2}
{"level":"error","message":"GET /users null 4ms"}
{"level":"error","message":"getUsersService is not defined","method":"GET","stack":"ReferenceError: getUsersService is not defined\n    at getUsers (file:///D:/Projects/NodeLearning/nodeprojects/express-file-api/controllers/user.controller.js:2:20)\n    at file:///D:/Projects/NodeLearning/nodeprojects/express-file-api/utils/asyncHandler.js:4:13\n    at Layer.handleRequest (D:\\Projects\\NodeLearning\\nodeprojects\\express-file-api\\node_modules\\router\\lib\\layer.js:152:17)\n    at next (D:\\Projects\\NodeLearning\\nodeprojects\\express-file-api\\node_modules\\router\\lib\\route.js:157:13)\n    at file:///D:/Projects/NodeLearning/nodeprojects/express-file-api/middleware/authorize.js:14:9\n    at Layer.handleRequest (D:\\Projects\\NodeLearning\\nodeprojects\\express-file-api\\node_modules\\router\\lib\\layer.js:152:17)\n    at next (D:\\Projects\\NodeLearning\\nodeprojects\\express-file-api\\node_modules\\router\\lib\\route.js:157:13)\n    at authMiddleware (file:///D:/Projects/NodeLearning/nodeprojects/express-file-api/middleware/auth.middleware.js:24:5)\n    at Layer.handleRequest (D:\\Projects\\NodeLearning\\nodeprojects\\express-file-api\\node_modules\\router\\lib\\layer.js:152:17)\n    at next (D:\\Projects\\NodeLearning\\nodeprojects\\express-file-api\\node_modules\\router\\lib\\route.js:157:13)","url":"/users","userId":2}
{"level":"error","message":"GET /users null 2ms"}
{"level":"info","message":"Server running on port 3000"}
{"level":"info","message":"Connected to PostgreSQL"}
{"level":"info","message":"GET /users null 65ms"}
{"level":"info","message":"POST /auth/logout null 187ms"}
{"level":"error","message":"Token has expired","method":"GET","stack":"AppError: Token has expired\n    at authMiddleware (file:///D:/Projects/NodeLearning/nodeprojects/express-file-api/middleware/auth.middleware.js:27:13)\n    at Layer.handleRequest (D:\\Projects\\NodeLearning\\nodeprojects\\express-file-api\\node_modules\\router\\lib\\layer.js:152:17)\n    at next (D:\\Projects\\NodeLearning\\nodeprojects\\express-file-api\\node_modules\\router\\lib\\route.js:157:13)\n    at Route.dispatch (D:\\Projects\\NodeLearning\\nodeprojects\\express-file-api\\node_modules\\router\\lib\\route.js:117:3)\n    at handle (D:\\Projects\\NodeLearning\\nodeprojects\\express-file-api\\node_modules\\router\\index.js:435:11)\n    at Layer.handleRequest (D:\\Projects\\NodeLearning\\nodeprojects\\express-file-api\\node_modules\\router\\lib\\layer.js:152:17)\n    at D:\\Projects\\NodeLearning\\nodeprojects\\express-file-api\\node_modules\\router\\index.js:295:15\n    at processParams (D:\\Projects\\NodeLearning\\nodeprojects\\express-file-api\\node_modules\\router\\index.js:582:12)\n    at next (D:\\Projects\\NodeLearning\\nodeprojects\\express-file-api\\node_modules\\router\\index.js:291:5)\n    at Function.handle (D:\\Projects\\NodeLearning\\nodeprojects\\express-file-api\\node_modules\\router\\index.js:186:3)","url":"/users"}
{"level":"warn","message":"GET /users null 6ms"}
{"level":"info","message":"POST /auth/login null 243ms"}
{"level":"error","message":"Access denied","method":"GET","stack":"AppError: Access denied\n    at file:///D:/Projects/NodeLearning/nodeprojects/express-file-api/middleware/authorize.js:11:19\n    at Layer.handleRequest (D:\\Projects\\NodeLearning\\nodeprojects\\express-file-api\\node_modules\\router\\lib\\layer.js:152:17)\n    at next (D:\\Projects\\NodeLearning\\nodeprojects\\express-file-api\\node_modules\\router\\lib\\route.js:157:13)\n    at authMiddleware (file:///D:/Projects/NodeLearning/nodeprojects/express-file-api/middleware/auth.middleware.js:24:5)\n    at Layer.handleRequest (D:\\Projects\\NodeLearning\\nodeprojects\\express-file-api\\node_modules\\router\\lib\\layer.js:152:17)\n    at next (D:\\Projects\\NodeLearning\\nodeprojects\\express-file-api\\node_modules\\router\\lib\\route.js:157:13)\n    at Route.dispatch (D:\\Projects\\NodeLearning\\nodeprojects\\express-file-api\\node_modules\\router\\lib\\route.js:117:3)\n    at handle (D:\\Projects\\NodeLearning\\nodeprojects\\express-file-api\\node_modules\\router\\index.js:435:11)\n    at Layer.handleRequest (D:\\Projects\\NodeLearning\\nodeprojects\\express-file-api\\node_modules\\router\\lib\\layer.js:152:17)\n    at D:\\Projects\\NodeLearning\\nodeprojects\\express-file-api\\node_modules\\router\\index.js:295:15","url":"/users","userId":1}
{"level":"warn","message":"GET /users null 4ms"}
{"level":"info","message":"Server running on port 3000"}
{"level":"info","message":"Connected to PostgreSQL"}
{"level":"info","message":"Server running on port 3000"}
{"level":"info","message":"Connected to PostgreSQL"}
{"level":"info","message":"Server running on port 3000"}
{"level":"info","message":"Connected to PostgreSQL"}
{"level":"info","message":"Server running on port 3000"}
{"level":"info","message":"Connected to PostgreSQL"}
{"level":"info","message":"Server running on port 3000"}
{"level":"info","message":"Connected to PostgreSQL"}
{"level":"info","message":"Server running on port 3000"}
{"level":"info","message":"Connected to PostgreSQL"}
{"level":"info","message":"POST /auth/login null 1061ms"}
{"level":"info","message":"GET /files null 264ms"}
{"level":"error","message":"Access denied","method":"GET","stack":"AppError: Access denied\n    at file:///D:/Projects/NodeLearning/nodeprojects/express-file-api/middleware/authorizePermissions.js:13:19\n    at Layer.handleRequest (D:\\Projects\\NodeLearning\\nodeprojects\\express-file-api\\node_modules\\router\\lib\\layer.js:152:17)\n    at next (D:\\Projects\\NodeLearning\\nodeprojects\\express-file-api\\node_modules\\router\\lib\\route.js:157:13)\n    at authMiddleware (file:///D:/Projects/NodeLearning/nodeprojects/express-file-api/middleware/auth.middleware.js:24:5)\n    at Layer.handleRequest (D:\\Projects\\NodeLearning\\nodeprojects\\express-file-api\\node_modules\\router\\lib\\layer.js:152:17)\n    at next (D:\\Projects\\NodeLearning\\nodeprojects\\express-file-api\\node_modules\\router\\lib\\route.js:157:13)\n    at Route.dispatch (D:\\Projects\\NodeLearning\\nodeprojects\\express-file-api\\node_modules\\router\\lib\\route.js:117:3)\n    at handle (D:\\Projects\\NodeLearning\\nodeprojects\\express-file-api\\node_modules\\router\\index.js:435:11)\n    at Layer.handleRequest (D:\\Projects\\NodeLearning\\nodeprojects\\express-file-api\\node_modules\\router\\lib\\layer.js:152:17)\n    at D:\\Projects\\NodeLearning\\nodeprojects\\express-file-api\\node_modules\\router\\index.js:295:15","url":"/users","userId":1}
{"level":"warn","message":"GET /users null 8ms"}
{"level":"info","message":"GET /files null 109ms"}
{"level":"info","message":"Server running on port 3000"}
{"level":"info","message":"Connected to PostgreSQL"}
{"level":"info","message":"Server running on port 3000"}
{"level":"info","message":"Connected to PostgreSQL"}
{"level":"info","message":"Server running on port 3000"}
{"level":"info","message":"Connected to PostgreSQL"}
{"level":"info","message":"Server running on port 3000"}
{"level":"info","message":"Connected to PostgreSQL"}
{"level":"info","message":"Server running on port 3000"}
{"level":"info","message":"Connected to PostgreSQL"}
{"level":"info","message":"Server running on port 3000"}
{"level":"info","message":"Connected to PostgreSQL"}
{"level":"info","message":"Server running on port 3000"}
{"level":"info","message":"Connected to PostgreSQL"}
{"level":"info","message":"Server running on port 3000"}
{"level":"info","message":"Connected to PostgreSQL"}
{"level":"info","message":"Server running on port 3000"}
{"level":"info","message":"Connected to PostgreSQL"}
{"level":"info","message":"Server running on port 3000"}
{"level":"info","message":"Connected to PostgreSQL"}
{"level":"info","message":"Server running on port 3000"}
{"level":"info","message":"Connected to PostgreSQL"}
{"level":"info","message":"POST /auth/login null 549ms"}
{"level":"warn","message":"POST /auth/change-password null 11ms"}
{"level":"info","message":"Server running on port 3000"}
{"level":"info","message":"Connected to PostgreSQL"}
{"level":"info","message":"Server running on port 3000"}
{"level":"info","message":"Connected to PostgreSQL"}
{"level":"warn","message":"POST /auth/change-password null 64ms"}
{"level":"info","message":"Server running on port 3000"}
{"level":"info","message":"Connected to PostgreSQL"}
{"level":"info","message":"POST /auth/login null 153ms"}
{"level":"warn","message":"POST /auth/change-password null 2ms"}
{"level":"info","message":"Server running on port 3000"}
{"level":"info","message":"Connected to PostgreSQL"}
{"level":"error","message":"data and hash arguments required","method":"POST","stack":"Error: data and hash arguments required\n    at Object.compare (D:\\Projects\\NodeLearning\\nodeprojects\\express-file-api\\node_modules\\bcrypt\\bcrypt.js:204:17)\n    at D:\\Projects\\NodeLearning\\nodeprojects\\express-file-api\\node_modules\\bcrypt\\promises.js:26:12\n    at new Promise (<anonymous>)\n    at Object.promise (D:\\Projects\\NodeLearning\\nodeprojects\\express-file-api\\node_modules\\bcrypt\\promises.js:17:12)\n    at Object.compare (D:\\Projects\\NodeLearning\\nodeprojects\\express-file-api\\node_modules\\bcrypt\\bcrypt.js:200:25)\n    at changePasswordService (file:///D:/Projects/NodeLearning/nodeprojects/express-file-api/services/user.service.js:23:34)\n    at changePassword (file:///D:/Projects/NodeLearning/nodeprojects/express-file-api/controllers/user.controller.js:15:11)\n    at file:///D:/Projects/NodeLearning/nodeprojects/express-file-api/utils/asyncHandler.js:4:13\n    at Layer.handleRequest (D:\\Projects\\NodeLearning\\nodeprojects\\express-file-api\\node_modules\\router\\lib\\layer.js:152:17)\n    at next (D:\\Projects\\NodeLearning\\nodeprojects\\express-file-api\\node_modules\\router\\lib\\route.js:157:13)","url":"/auth/change-password","userId":2}
{"level":"error","message":"POST /auth/change-password null 28ms"}
{"level":"info","message":"Server running on port 3000"}
{"level":"info","message":"Connected to PostgreSQL"}
{"level":"info","message":"POST /auth/change-password null 321ms"}
{"level":"error","message":"New password must be different with current password","method":"POST","stack":"AppError: New password must be different with current password\n    at changePasswordService (file:///D:/Projects/NodeLearning/nodeprojects/express-file-api/services/user.service.js:32:15)\n    at async changePassword (file:///D:/Projects/NodeLearning/nodeprojects/express-file-api/controllers/user.controller.js:15:5)\n    at async file:///D:/Projects/NodeLearning/nodeprojects/express-file-api/utils/asyncHandler.js:4:7","url":"/auth/change-password","userId":2}
{"level":"warn","message":"POST /auth/change-password null 289ms"}
{"level":"info","message":"Server running on port 3000"}
{"level":"info","message":"Connected to PostgreSQL"}
{"level":"error","message":"Token has expired","method":"POST","stack":"AppError: Token has expired\n    at authMiddleware (file:///D:/Projects/NodeLearning/nodeprojects/express-file-api/middleware/auth.middleware.js:27:13)\n    at Layer.handleRequest (D:\\Projects\\NodeLearning\\nodeprojects\\express-file-api\\node_modules\\router\\lib\\layer.js:152:17)\n    at next (D:\\Projects\\NodeLearning\\nodeprojects\\express-file-api\\node_modules\\router\\lib\\route.js:157:13)\n    at Route.dispatch (D:\\Projects\\NodeLearning\\nodeprojects\\express-file-api\\node_modules\\router\\lib\\route.js:117:3)\n    at handle (D:\\Projects\\NodeLearning\\nodeprojects\\express-file-api\\node_modules\\router\\index.js:435:11)\n    at Layer.handleRequest (D:\\Projects\\NodeLearning\\nodeprojects\\express-file-api\\node_modules\\router\\lib\\layer.js:152:17)\n    at D:\\Projects\\NodeLearning\\nodeprojects\\express-file-api\\node_modules\\router\\index.js:295:15\n    at processParams (D:\\Projects\\NodeLearning\\nodeprojects\\express-file-api\\node_modules\\router\\index.js:582:12)\n    at next (D:\\Projects\\NodeLearning\\nodeprojects\\express-file-api\\node_modules\\router\\index.js:291:5)\n    at Function.handle (D:\\Projects\\NodeLearning\\nodeprojects\\express-file-api\\node_modules\\router\\index.js:186:3)","url":"/auth/change-password"}
{"level":"warn","message":"POST /auth/change-password null 25ms"}
{"level":"error","message":"Invalid email or password","method":"POST","stack":"AppError: Invalid email or password\n    at loginService (file:///D:/Projects/NodeLearning/nodeprojects/express-file-api/services/auth.service.js:55:11)\n    at async login (file:///D:/Projects/NodeLearning/nodeprojects/express-file-api/controllers/auth.controller.js:23:41)\n    at async file:///D:/Projects/NodeLearning/nodeprojects/express-file-api/utils/asyncHandler.js:4:7","url":"/auth/login"}
{"level":"warn","message":"POST /auth/login null 126ms"}
{"level":"info","message":"POST /auth/login null 127ms"}
{"level":"info","message":"POST /auth/change-password null 223ms"}
{"level":"info","message":"Server running on port 3000"}
{"level":"info","message":"Connected to PostgreSQL"}
{"level":"info","message":"Server running on port 3000"}
{"level":"info","message":"Connected to PostgreSQL"}
{"level":"info","message":"Server running on port 3000"}
{"level":"info","message":"Connected to PostgreSQL"}
